
> frontend@0.1.0 test
> react-scripts test --watchAll=false

node.exe : FAIL src/compone
nts/Login.test.js
En línea: 1 Carácter: 1
+ & "C:\Program 
Files\nodejs/node.exe" 
"C:\Program 
Files\nodejs/node_mo ...
+ ~~~~~~~~~~~~~~~~~~~~~~~~~
~~~~~~~~~~~~~~~~~~~~~~~~~~~
~~~~~~~~~~~~~~~~~
    + CategoryInfo         
     : NotSpecified: (FAI  
  L src/components/Login   
 .test.js:String) [], R    
emoteException
    + FullyQualifiedErrorI 
   d : NativeCommandError
 
  ΓùÅ Console

    console.warn
      ΓÜá∩╕Å React Router 
Future Flag Warning: React 
Router will begin wrapping 
state updates in 
`React.startTransition` in 
v7. You can use the 
`v7_startTransition` 
future flag to opt-in 
early. For more 
information, see https://re
actrouter.com/v6/upgrading/
future#v7_starttransition.

    [0m [90m 10 |[39m
     [90m 11 |[39m 
test([32m'renders login 
form'[39m[33m,[39m () 
[33m=>[39m {
    
[31m[1m>[22m[39m[90m 
12 |[39m     render(
     [90m    |[39m       
    [31m[1m^[22m[39m
     [90m 13 |[39m       
  [33m<[39m[33mBrowserRo
uter[39m[33m>[39m
     [90m 14 |[39m       
      [33m<[39m[33mMockA
uthProvider[39m[33m>[39m
     [90m 15 |[39m       
          [33m<[39m[33mL
oginPage[39m 
[33m/[39m[33m>[39m[0m

      at warnOnce (node_mod
ules/react-router/lib/depre
cations.ts:9:13)
      at logDeprecation (no
de_modules/react-router/lib
/deprecations.ts:14:3)
      at Object.logV6Deprec
ationWarnings [as UNSAFE_lo
gV6DeprecationWarnings] (no
de_modules/react-router/lib
/deprecations.ts:26:5)
      at node_modules/react
-router-dom/index.tsx:816:2
5
      at 
commitHookEffectListMount (
node_modules/react-dom/cjs/
react-dom.development.js:23
189:26)
      at 
commitPassiveMountOnFiber (
node_modules/react-dom/cjs/
react-dom.development.js:24
970:11)
      at commitPassiveMount
Effects_complete (node_modu
les/react-dom/cjs/react-dom
.development.js:24930:9)
      at commitPassiveMount
Effects_begin (node_modules
/react-dom/cjs/react-dom.de
velopment.js:24917:7)
      at 
commitPassiveMountEffects (
node_modules/react-dom/cjs/
react-dom.development.js:24
905:3)
      at 
flushPassiveEffectsImpl (no
de_modules/react-dom/cjs/re
act-dom.development.js:2707
8:3)
      at 
flushPassiveEffects (node_m
odules/react-dom/cjs/react-
dom.development.js:27023:14
)
      at node_modules/react
-dom/cjs/react-dom.developm
ent.js:26808:9
      at flushActQueue (nod
e_modules/react/cjs/react.d
evelopment.js:2667:24)
      at act (node_modules/
react/cjs/react.development
.js:2582:11)
      at node_modules/@test
ing-library/react/dist/act-
compat.js:47:25
      at renderRoot (node_m
odules/@testing-library/rea
ct/dist/pure.js:190:26)
      at render (node_modul
es/@testing-library/react/d
ist/pure.js:292:10)
      at 
Object.<anonymous> (src/com
ponents/Login.test.js:12:11
)

    console.warn
      ΓÜá∩╕Å React Router 
Future Flag Warning: 
Relative route resolution 
within Splat routes is 
changing in v7. You can 
use the 
`v7_relativeSplatPath` 
future flag to opt-in 
early. For more 
information, see https://re
actrouter.com/v6/upgrading/
future#v7_relativesplatpath
.

    [0m [90m 10 |[39m
     [90m 11 |[39m 
test([32m'renders login 
form'[39m[33m,[39m () 
[33m=>[39m {
    
[31m[1m>[22m[39m[90m 
12 |[39m     render(
     [90m    |[39m       
    [31m[1m^[22m[39m
     [90m 13 |[39m       
  [33m<[39m[33mBrowserRo
uter[39m[33m>[39m
     [90m 14 |[39m       
      [33m<[39m[33mMockA
uthProvider[39m[33m>[39m
     [90m 15 |[39m       
          [33m<[39m[33mL
oginPage[39m 
[33m/[39m[33m>[39m[0m

      at warnOnce (node_mod
ules/react-router/lib/depre
cations.ts:9:13)
      at logDeprecation (no
de_modules/react-router/lib
/deprecations.ts:14:3)
      at Object.logV6Deprec
ationWarnings [as UNSAFE_lo
gV6DeprecationWarnings] (no
de_modules/react-router/lib
/deprecations.ts:37:5)
      at node_modules/react
-router-dom/index.tsx:816:2
5
      at 
commitHookEffectListMount (
node_modules/react-dom/cjs/
react-dom.development.js:23
189:26)
      at 
commitPassiveMountOnFiber (
node_modules/react-dom/cjs/
react-dom.development.js:24
970:11)
      at commitPassiveMount
Effects_complete (node_modu
les/react-dom/cjs/react-dom
.development.js:24930:9)
      at commitPassiveMount
Effects_begin (node_modules
/react-dom/cjs/react-dom.de
velopment.js:24917:7)
      at 
commitPassiveMountEffects (
node_modules/react-dom/cjs/
react-dom.development.js:24
905:3)
      at 
flushPassiveEffectsImpl (no
de_modules/react-dom/cjs/re
act-dom.development.js:2707
8:3)
      at 
flushPassiveEffects (node_m
odules/react-dom/cjs/react-
dom.development.js:27023:14
)
      at node_modules/react
-dom/cjs/react-dom.developm
ent.js:26808:9
      at flushActQueue (nod
e_modules/react/cjs/react.d
evelopment.js:2667:24)
      at act (node_modules/
react/cjs/react.development
.js:2582:11)
      at node_modules/@test
ing-library/react/dist/act-
compat.js:47:25
      at renderRoot (node_m
odules/@testing-library/rea
ct/dist/pure.js:190:26)
      at render (node_modul
es/@testing-library/react/d
ist/pure.js:292:10)
      at 
Object.<anonymous> (src/com
ponents/Login.test.js:12:11
)

  ΓùÅ renders login form

    TestingLibraryElementEr
ror: Unable to find a 
label with the text of: 
/Email/i

    Ignored nodes: 
comments, script, style
    [36m<body>[39m
      [36m<div>[39m
        [36m<div[39m
          [33mclass[39m=
[32m"min-vh-100 d-flex 
align-items-center 
justify-content-center 
bg-light"[39m
        [36m>[39m
          [36m<div[39m
            
[33mclass[39m=[32m"card 
shadow-lg border-0"[39m
            [33mstyle[39m
=[32m"max-width: 400px; 
width: 100%;"[39m
          [36m>[39m
            [36m<div[39m
              [33mclass[3
9m=[32m"card-body p-5 
text-center"[39m
            [36m>[39m
              
[36m<div[39m
                
[33mclass[39m=[32m"mb-4 
text-primary"[39m
              [36m>[39m
                
[36m<i[39m
                  
[33mclass[39m=[32m"bi 
bi-shield-lock 
display-1"[39m
                
[36m/>[39m
              
[36m</div>[39m
              [36m<h2[39m
                [33mclass
[39m=[32m"fw-bold 
mb-2"[39m
              [36m>[39m
                [0mAcceso 
Corporativo[0m
              
[36m</h2>[39m
              [36m<p[39m
                [33mclass
[39m=[32m"text-muted mb-4 
small"[39m
              [36m>[39m
                
[0mPlataforma de Gesti├│n 
Interna Clarotec[0m
              
[36m</p>[39m
              
[36m<form[39m
                [33mstyle
[39m=[32m"display: flex; 
flex-direction: column; 
gap: 1rem; width: 300px; 
padding: 2rem; border: 1px 
solid #ccc; border-radius: 
8px;"[39m
              [36m>[39m
                
[36m<div>[39m
                  
[36m<label[39m
                    [33mfo
r[39m=[32m"email"[39m
                  
[36m>[39m
                    
[0mCorreo 
Electr├│nico:[0m
                  
[36m</label>[39m
                  
[36m<input[39m
                    [33mid
[39m=[32m"email"[39m
                    [33mre
quired[39m=[32m""[39m
                    [33mst
yle[39m=[32m"padding: 
0.5rem; font-size: 
1rem;"[39m
                    [33mty
pe[39m=[32m"email"[39m
                    [33mva
lue[39m=[32m""[39m
                  
[36m/>[39m
                
[36m</div>[39m
                
[36m<div>[39m
                  
[36m<label[39m
                    [33mfo
r[39m=[32m"password"[39m
                  
[36m>[39m
                    
[0mContrase├▒a:[0m
                  
[36m</label>[39m
                  
[36m<input[39m
                    [33mid
[39m=[32m"password"[39m
                    [33mre
quired[39m=[32m""[39m
                    [33mst
yle[39m=[32m"padding: 
0.5rem; font-size: 
1rem;"[39m
                    [33mty
pe[39m=[32m"password"[39
m
                    [33mva
lue[39m=[32m""[39m
                  
[36m/>[39m
                
[36m</div>[39m
                
[36m<button[39m
                  [33mstyl
e[39m=[32m"padding: 
0.75rem; font-size: 1rem; 
background-color: rgb(0, 
123, 255); color: white; 
border-radius: 4px; 
cursor: pointer;"[39m
                  [33mtype
[39m=[32m"submit"[39m
                [36m>[39m
                  
[0mIngresar[0m
                
[36m</button>[39m
              
[36m</form>[39m
              
[36m<div[39m
                
[33mclass[39m=[32m"mt-4 
pt-3 border-top"[39m
              [36m>[39m
                
[36m<a[39m
                  [33mclas
s[39m=[32m"text-decoratio
n-none small text-muted 
hover-primary"[39m
                  [33mhref
[39m=[32m"/"[39m
                [36m>[39m
                  
[36m<i[39m
                    
[33mclass[39m=[32m"bi 
bi-arrow-left me-1"[39m
                  
[36m/>[39m
                  
[0mVolver a la P├ígina 
Principal[0m
                
[36m</a>[39m
              
[36m</div>[39m
            
[36m</div>[39m
          [36m</div>[39m
        [36m</div>[39m
      [36m</div>[39m
    [36m</body>[39m

    [0m [90m 18 |[39m   
  )[33m;[39m
     [90m 19 |[39m
    
[31m[1m>[22m[39m[90m 
20 |[39m     
[36mconst[39m emailInput 
[33m=[39m screen[33m.[3
9mgetByLabelText([35m/Emai
l/i[39m)[33m;[39m
     [90m    |[39m       
                        
[31m[1m^[22m[39m
     [90m 21 |[39m     
[36mconst[39m 
passwordInput [33m=[39m s
creen[33m.[39mgetByLabelT
ext([35m/Contrase├▒a/i[39
m)[33m;[39m
     [90m 22 |[39m     
[36mconst[39m 
submitButton [33m=[39m sc
reen[33m.[39mgetByRole([
32m'button'[39m[33m,[39m
 { name[33m:[39m 
[35m/Ingresar/i[39m 
})[33m;[39m
     [90m 23 |[39m[0m

      at 
Object.getElementError (nod
e_modules/@testing-library/
dom/dist/config.js:37:19)
      at getAllByLabelText 
(node_modules/@testing-libr
ary/dom/dist/queries/label-
text.js:111:38)
      at node_modules/@test
ing-library/dom/dist/query-
helpers.js:52:17
      at getByLabelText (no
de_modules/@testing-library
/dom/dist/query-helpers.js:
95:19)
      at 
Object.<anonymous> (src/com
ponents/Login.test.js:20:31
)

  ΓùÅ allows typing in 
input fields

    TestingLibraryElementEr
ror: Unable to find a 
label with the text of: 
/Email/i

    Ignored nodes: 
comments, script, style
    [36m<body>[39m
      [36m<div>[39m
        [36m<div[39m
          [33mclass[39m=
[32m"min-vh-100 d-flex 
align-items-center 
justify-content-center 
bg-light"[39m
        [36m>[39m
          [36m<div[39m
            
[33mclass[39m=[32m"card 
shadow-lg border-0"[39m
            [33mstyle[39m
=[32m"max-width: 400px; 
width: 100%;"[39m
          [36m>[39m
            [36m<div[39m
              [33mclass[3
9m=[32m"card-body p-5 
text-center"[39m
            [36m>[39m
              
[36m<div[39m
                
[33mclass[39m=[32m"mb-4 
text-primary"[39m
              [36m>[39m
                
[36m<i[39m
                  
[33mclass[39m=[32m"bi 
bi-shield-lock 
display-1"[39m
                
[36m/>[39m
              
[36m</div>[39m
              [36m<h2[39m
                [33mclass
[39m=[32m"fw-bold 
mb-2"[39m
              [36m>[39m
                [0mAcceso 
Corporativo[0m
              
[36m</h2>[39m
              [36m<p[39m
                [33mclass
[39m=[32m"text-muted mb-4 
small"[39m
              [36m>[39m
                
[0mPlataforma de Gesti├│n 
Interna Clarotec[0m
              
[36m</p>[39m
              
[36m<form[39m
                [33mstyle
[39m=[32m"display: flex; 
flex-direction: column; 
gap: 1rem; width: 300px; 
padding: 2rem; border: 1px 
solid #ccc; border-radius: 
8px;"[39m
              [36m>[39m
                
[36m<div>[39m
                  
[36m<label[39m
                    [33mfo
r[39m=[32m"email"[39m
                  
[36m>[39m
                    
[0mCorreo 
Electr├│nico:[0m
                  
[36m</label>[39m
                  
[36m<input[39m
                    [33mid
[39m=[32m"email"[39m
                    [33mre
quired[39m=[32m""[39m
                    [33mst
yle[39m=[32m"padding: 
0.5rem; font-size: 
1rem;"[39m
                    [33mty
pe[39m=[32m"email"[39m
                    [33mva
lue[39m=[32m""[39m
                  
[36m/>[39m
                
[36m</div>[39m
                
[36m<div>[39m
                  
[36m<label[39m
                    [33mfo
r[39m=[32m"password"[39m
                  
[36m>[39m
                    
[0mContrase├▒a:[0m
                  
[36m</label>[39m
                  
[36m<input[39m
                    [33mid
[39m=[32m"password"[39m
                    [33mre
quired[39m=[32m""[39m
                    [33mst
yle[39m=[32m"padding: 
0.5rem; font-size: 
1rem;"[39m
                    [33mty
pe[39m=[32m"password"[39
m
                    [33mva
lue[39m=[32m""[39m
                  
[36m/>[39m
                
[36m</div>[39m
                
[36m<button[39m
                  [33mstyl
e[39m=[32m"padding: 
0.75rem; font-size: 1rem; 
background-color: rgb(0, 
123, 255); color: white; 
border-radius: 4px; 
cursor: pointer;"[39m
                  [33mtype
[39m=[32m"submit"[39m
                [36m>[39m
                  
[0mIngresar[0m
                
[36m</button>[39m
              
[36m</form>[39m
              
[36m<div[39m
                
[33mclass[39m=[32m"mt-4 
pt-3 border-top"[39m
              [36m>[39m
                
[36m<a[39m
                  [33mclas
s[39m=[32m"text-decoratio
n-none small text-muted 
hover-primary"[39m
                  [33mhref
[39m=[32m"/"[39m
                [36m>[39m
                  
[36m<i[39m
                    
[33mclass[39m=[32m"bi 
bi-arrow-left me-1"[39m
                  
[36m/>[39m
                  
[0mVolver a la P├ígina 
Principal[0m
                
[36m</a>[39m
              
[36m</div>[39m
            
[36m</div>[39m
          [36m</div>[39m
        [36m</div>[39m
      [36m</div>[39m
    [36m</body>[39m

    [0m [90m 36 |[39m   
  )[33m;[39m
     [90m 37 |[39m
    
[31m[1m>[22m[39m[90m 
38 |[39m     
[36mconst[39m emailInput 
[33m=[39m screen[33m.[3
9mgetByLabelText([35m/Emai
l/i[39m)[33m;[39m
     [90m    |[39m       
                        
[31m[1m^[22m[39m
     [90m 39 |[39m     
[36mconst[39m 
passwordInput [33m=[39m s
creen[33m.[39mgetByLabelT
ext([35m/Contrase├▒a/i[39
m)[33m;[39m
     [90m 40 |[39m
     [90m 41 |[39m     fi
reEvent[33m.[39mchange(em
ailInput[33m,[39m { 
target[33m:[39m { 
value[33m:[39m [32m'test
@example.com'[39m } 
})[33m;[39m[0m

      at 
Object.getElementError (nod
e_modules/@testing-library/
dom/dist/config.js:37:19)
      at getAllByLabelText 
(node_modules/@testing-libr
ary/dom/dist/queries/label-
text.js:111:38)
      at node_modules/@test
ing-library/dom/dist/query-
helpers.js:52:17
      at getByLabelText (no
de_modules/@testing-library
/dom/dist/query-helpers.js:
95:19)
      at 
Object.<anonymous> (src/com
ponents/Login.test.js:38:31
)

FAIL src/App.test.js
  ΓùÅ Console

    console.error
      Error: Uncaught 
[TypeError: Cannot 
destructure property 
'token' of '(0 , 
_useAuth.useAuth)(...)' as 
it is undefined.]
          at 
reportException (C:\Users\j
osem\Documents\GitHub\proye
cto-clarotec\frontend\node_
modules\jsdom\lib\jsdom\liv
ing\helpers\runtime-script-
errors.js:66:24)
          at 
innerInvokeEventListeners (
C:\Users\josem\Documents\Gi
tHub\proyecto-clarotec\fron
tend\node_modules\jsdom\lib
\jsdom\living\events\EventT
arget-impl.js:341:9)
          at 
invokeEventListeners (C:\Us
ers\josem\Documents\GitHub\
proyecto-clarotec\frontend\
node_modules\jsdom\lib\jsdo
m\living\events\EventTarget
-impl.js:274:3)
          at HTMLUnknownEle
mentImpl._dispatch (C:\User
s\josem\Documents\GitHub\pr
oyecto-clarotec\frontend\no
de_modules\jsdom\lib\jsdom\
living\events\EventTarget-i
mpl.js:221:9)
          at HTMLUnknownEle
mentImpl.dispatchEvent (C:\
Users\josem\Documents\GitHu
b\proyecto-clarotec\fronten
d\node_modules\jsdom\lib\js
dom\living\events\EventTarg
et-impl.js:94:17)
          at HTMLUnknownEle
ment.dispatchEvent (C:\User
s\josem\Documents\GitHub\pr
oyecto-clarotec\frontend\no
de_modules\jsdom\lib\jsdom\
living\generated\EventTarge
t.js:231:34)
          at Object.invokeG
uardedCallbackDev (C:\Users
\josem\Documents\GitHub\pro
yecto-clarotec\frontend\nod
e_modules\react-dom\cjs\rea
ct-dom.development.js:4213:
16)
          at 
invokeGuardedCallback (C:\U
sers\josem\Documents\GitHub
\proyecto-clarotec\frontend
\node_modules\react-dom\cjs
\react-dom.development.js:4
277:31)
          at beginWork$1 (C
:\Users\josem\Documents\Git
Hub\proyecto-clarotec\front
end\node_modules\react-dom\
cjs\react-dom.development.j
s:27490:7)
          at 
performUnitOfWork (C:\Users
\josem\Documents\GitHub\pro
yecto-clarotec\frontend\nod
e_modules\react-dom\cjs\rea
ct-dom.development.js:26599
:12)
          at workLoopSync (
C:\Users\josem\Documents\Gi
tHub\proyecto-clarotec\fron
tend\node_modules\react-dom
\cjs\react-dom.development.
js:26505:5)
          at 
renderRootSync (C:\Users\jo
sem\Documents\GitHub\proyec
to-clarotec\frontend\node_m
odules\react-dom\cjs\react-
dom.development.js:26473:7)
          at performConcurr
entWorkOnRoot (C:\Users\jos
em\Documents\GitHub\proyect
o-clarotec\frontend\node_mo
dules\react-dom\cjs\react-d
om.development.js:25777:74)
          at flushActQueue 
(C:\Users\josem\Documents\G
itHub\proyecto-clarotec\fro
ntend\node_modules\react\cj
s\react.development.js:2667
:24)
          at act (C:\Users\
josem\Documents\GitHub\proy
ecto-clarotec\frontend\node
_modules\react\cjs\react.de
velopment.js:2582:11)
          at C:\Users\josem
\Documents\GitHub\proyecto-
clarotec\frontend\node_modu
les\@testing-library\react\
dist\act-compat.js:47:25
          at renderRoot (C:
\Users\josem\Documents\GitH
ub\proyecto-clarotec\fronte
nd\node_modules\@testing-li
brary\react\dist\pure.js:19
0:26)
          at render (C:\Use
rs\josem\Documents\GitHub\p
royecto-clarotec\frontend\n
ode_modules\@testing-librar
y\react\dist\pure.js:292:10
)
          at 
Object.<anonymous> (C:\User
s\josem\Documents\GitHub\pr
oyecto-clarotec\frontend\sr
c\App.test.js:5:9)
          at 
Promise.then.completed (C:\
Users\josem\Documents\GitHu
b\proyecto-clarotec\fronten
d\node_modules\jest-circus\
build\utils.js:391:28)
          at new Promise 
(<anonymous>)
          at 
callAsyncCircusFn (C:\Users
\josem\Documents\GitHub\pro
yecto-clarotec\frontend\nod
e_modules\jest-circus\build
\utils.js:316:10)
          at 
_callCircusTest (C:\Users\j
osem\Documents\GitHub\proye
cto-clarotec\frontend\node_
modules\jest-circus\build\r
un.js:218:40)
          at 
processTicksAndRejections (
node:internal/process/task_
queues:105:5)
          at _runTest (C:\U
sers\josem\Documents\GitHub
\proyecto-clarotec\frontend
\node_modules\jest-circus\b
uild\run.js:155:3)
          at 
_runTestsForDescribeBlock (
C:\Users\josem\Documents\Gi
tHub\proyecto-clarotec\fron
tend\node_modules\jest-circ
us\build\run.js:66:9)
          at run (C:\Users\
josem\Documents\GitHub\proy
ecto-clarotec\frontend\node
_modules\jest-circus\build\
run.js:25:3)
          at runAndTransfor
mResultsToJestFormat (C:\Us
ers\josem\Documents\GitHub\
proyecto-clarotec\frontend\
node_modules\jest-circus\bu
ild\legacy-code-todo-rewrit
e\jestAdapterInit.js:170:21
)
          at jestAdapter (C
:\Users\josem\Documents\Git
Hub\proyecto-clarotec\front
end\node_modules\jest-circu
s\build\legacy-code-todo-re
write\jestAdapter.js:82:19)
          at 
runTestInternal (C:\Users\j
osem\Documents\GitHub\proye
cto-clarotec\frontend\node_
modules\jest-runner\build\r
unTest.js:389:16)
          at runTest (C:\Us
ers\josem\Documents\GitHub\
proyecto-clarotec\frontend\
node_modules\jest-runner\bu
ild\runTest.js:475:34)
          at Object.worker 
(C:\Users\josem\Documents\G
itHub\proyecto-clarotec\fro
ntend\node_modules\jest-run
ner\build\testWorker.js:133
:12) TypeError: Cannot 
destructure property 
'token' of '(0 , 
_useAuth.useAuth)(...)' as 
it is undefined.
          at App (C:\Users\
josem\Documents\GitHub\proy
ecto-clarotec\frontend\src\
App.jsx:90:13)
          at 
renderWithHooks (C:\Users\j
osem\Documents\GitHub\proye
cto-clarotec\frontend\node_
modules\react-dom\cjs\react
-dom.development.js:15486:1
8)
          at mountIndetermi
nateComponent (C:\Users\jos
em\Documents\GitHub\proyect
o-clarotec\frontend\node_mo
dules\react-dom\cjs\react-d
om.development.js:20103:13)
          at beginWork (C:\
Users\josem\Documents\GitHu
b\proyecto-clarotec\fronten
d\node_modules\react-dom\cj
s\react-dom.development.js:
21626:16)
          at HTMLUnknownEle
ment.callCallback (C:\Users
\josem\Documents\GitHub\pro
yecto-clarotec\frontend\nod
e_modules\react-dom\cjs\rea
ct-dom.development.js:4164:
14)
          at HTMLUnknownEle
ment.callTheUserObjectsOper
ation (C:\Users\josem\Docum
ents\GitHub\proyecto-clarot
ec\frontend\node_modules\js
dom\lib\jsdom\living\genera
ted\EventListener.js:26:30)
          at 
innerInvokeEventListeners (
C:\Users\josem\Documents\Gi
tHub\proyecto-clarotec\fron
tend\node_modules\jsdom\lib
\jsdom\living\events\EventT
arget-impl.js:338:25)
          at 
invokeEventListeners (C:\Us
ers\josem\Documents\GitHub\
proyecto-clarotec\frontend\
node_modules\jsdom\lib\jsdo
m\living\events\EventTarget
-impl.js:274:3)
          at HTMLUnknownEle
mentImpl._dispatch (C:\User
s\josem\Documents\GitHub\pr
oyecto-clarotec\frontend\no
de_modules\jsdom\lib\jsdom\
living\events\EventTarget-i
mpl.js:221:9)
          at HTMLUnknownEle
mentImpl.dispatchEvent (C:\
Users\josem\Documents\GitHu
b\proyecto-clarotec\fronten
d\node_modules\jsdom\lib\js
dom\living\events\EventTarg
et-impl.js:94:17)
          at HTMLUnknownEle
ment.dispatchEvent (C:\User
s\josem\Documents\GitHub\pr
oyecto-clarotec\frontend\no
de_modules\jsdom\lib\jsdom\
living\generated\EventTarge
t.js:231:34)
          at Object.invokeG
uardedCallbackDev (C:\Users
\josem\Documents\GitHub\pro
yecto-clarotec\frontend\nod
e_modules\react-dom\cjs\rea
ct-dom.development.js:4213:
16)
          at 
invokeGuardedCallback (C:\U
sers\josem\Documents\GitHub
\proyecto-clarotec\frontend
\node_modules\react-dom\cjs
\react-dom.development.js:4
277:31)
          at beginWork$1 (C
:\Users\josem\Documents\Git
Hub\proyecto-clarotec\front
end\node_modules\react-dom\
cjs\react-dom.development.j
s:27490:7)
          at 
performUnitOfWork (C:\Users
\josem\Documents\GitHub\pro
yecto-clarotec\frontend\nod
e_modules\react-dom\cjs\rea
ct-dom.development.js:26599
:12)
          at workLoopSync (
C:\Users\josem\Documents\Gi
tHub\proyecto-clarotec\fron
tend\node_modules\react-dom
\cjs\react-dom.development.
js:26505:5)
          at 
renderRootSync (C:\Users\jo
sem\Documents\GitHub\proyec
to-clarotec\frontend\node_m
odules\react-dom\cjs\react-
dom.development.js:26473:7)
          at performConcurr
entWorkOnRoot (C:\Users\jos
em\Documents\GitHub\proyect
o-clarotec\frontend\node_mo
dules\react-dom\cjs\react-d
om.development.js:25777:74)
          at flushActQueue 
(C:\Users\josem\Documents\G
itHub\proyecto-clarotec\fro
ntend\node_modules\react\cj
s\react.development.js:2667
:24)
          at act (C:\Users\
josem\Documents\GitHub\proy
ecto-clarotec\frontend\node
_modules\react\cjs\react.de
velopment.js:2582:11)
          at C:\Users\josem
\Documents\GitHub\proyecto-
clarotec\frontend\node_modu
les\@testing-library\react\
dist\act-compat.js:47:25
          at renderRoot (C:
\Users\josem\Documents\GitH
ub\proyecto-clarotec\fronte
nd\node_modules\@testing-li
brary\react\dist\pure.js:19
0:26)
          at render (C:\Use
rs\josem\Documents\GitHub\p
royecto-clarotec\frontend\n
ode_modules\@testing-librar
y\react\dist\pure.js:292:10
)
          at 
Object.<anonymous> (C:\User
s\josem\Documents\GitHub\pr
oyecto-clarotec\frontend\sr
c\App.test.js:5:9)
          at 
Promise.then.completed (C:\
Users\josem\Documents\GitHu
b\proyecto-clarotec\fronten
d\node_modules\jest-circus\
build\utils.js:391:28)
          at new Promise 
(<anonymous>)
          at 
callAsyncCircusFn (C:\Users
\josem\Documents\GitHub\pro
yecto-clarotec\frontend\nod
e_modules\jest-circus\build
\utils.js:316:10)
          at 
_callCircusTest (C:\Users\j
osem\Documents\GitHub\proye
cto-clarotec\frontend\node_
modules\jest-circus\build\r
un.js:218:40)
          at 
processTicksAndRejections (
node:internal/process/task_
queues:105:5)
          at _runTest (C:\U
sers\josem\Documents\GitHub
\proyecto-clarotec\frontend
\node_modules\jest-circus\b
uild\run.js:155:3)
          at 
_runTestsForDescribeBlock (
C:\Users\josem\Documents\Gi
tHub\proyecto-clarotec\fron
tend\node_modules\jest-circ
us\build\run.js:66:9)
          at run (C:\Users\
josem\Documents\GitHub\proy
ecto-clarotec\frontend\node
_modules\jest-circus\build\
run.js:25:3)
          at runAndTransfor
mResultsToJestFormat (C:\Us
ers\josem\Documents\GitHub\
proyecto-clarotec\frontend\
node_modules\jest-circus\bu
ild\legacy-code-todo-rewrit
e\jestAdapterInit.js:170:21
)
          at jestAdapter (C
:\Users\josem\Documents\Git
Hub\proyecto-clarotec\front
end\node_modules\jest-circu
s\build\legacy-code-todo-re
write\jestAdapter.js:82:19)
          at 
runTestInternal (C:\Users\j
osem\Documents\GitHub\proye
cto-clarotec\frontend\node_
modules\jest-runner\build\r
unTest.js:389:16)
          at runTest (C:\Us
ers\josem\Documents\GitHub\
proyecto-clarotec\frontend\
node_modules\jest-runner\bu
ild\runTest.js:475:34)
          at Object.worker 
(C:\Users\josem\Documents\G
itHub\proyecto-clarotec\fro
ntend\node_modules\jest-run
ner\build\testWorker.js:133
:12)

    [0m [90m 3 |[39m
     [90m 4 |[39m 
test([32m'renders learn 
react 
link'[39m[33m,[39m () 
[33m=>[39m {
    
[31m[1m>[22m[39m[90m 
5 |[39m   render([33m<[3
9m[33mApp[39m [33m/[39m
[33m>[39m)[33m;[39m
     [90m   |[39m        
 [31m[1m^[22m[39m
     [90m 6 |[39m   
[36mconst[39m 
linkElement [33m=[39m scr
een[33m.[39mgetByText([3
5m/learn 
react/i[39m)[33m;[39m
     [90m 7 |[39m   expec
t(linkElement)[33m.[39mto
BeInTheDocument()[33m;[39
m
     [90m 8 |[39m 
})[33m;[39m[0m

      at 
VirtualConsole.<anonymous> 
(node_modules/jsdom/lib/jsd
om/virtual-console.js:29:45
)
      at reportException (n
ode_modules/jsdom/lib/jsdom
/living/helpers/runtime-scr
ipt-errors.js:70:28)
      at 
innerInvokeEventListeners (
node_modules/jsdom/lib/jsdo
m/living/events/EventTarget
-impl.js:341:9)
      at 
invokeEventListeners (node_
modules/jsdom/lib/jsdom/liv
ing/events/EventTarget-impl
.js:274:3)
      at HTMLUnknownElement
Impl._dispatch (node_module
s/jsdom/lib/jsdom/living/ev
ents/EventTarget-impl.js:22
1:9)
      at HTMLUnknownElement
Impl.dispatchEvent (node_mo
dules/jsdom/lib/jsdom/livin
g/events/EventTarget-impl.j
s:94:17)
      at HTMLUnknownElement
.dispatchEvent (node_module
s/jsdom/lib/jsdom/living/ge
nerated/EventTarget.js:231:
34)
      at Object.invokeGuard
edCallbackDev (node_modules
/react-dom/cjs/react-dom.de
velopment.js:4213:16)
      at 
invokeGuardedCallback (node
_modules/react-dom/cjs/reac
t-dom.development.js:4277:3
1)
      at beginWork$1 (node_
modules/react-dom/cjs/react
-dom.development.js:27490:7
)
      at performUnitOfWork 
(node_modules/react-dom/cjs
/react-dom.development.js:2
6599:12)
      at workLoopSync (node
_modules/react-dom/cjs/reac
t-dom.development.js:26505:
5)
      at renderRootSync (no
de_modules/react-dom/cjs/re
act-dom.development.js:2647
3:7)
      at performConcurrentW
orkOnRoot (node_modules/rea
ct-dom/cjs/react-dom.develo
pment.js:25777:74)
      at flushActQueue (nod
e_modules/react/cjs/react.d
evelopment.js:2667:24)
      at act (node_modules/
react/cjs/react.development
.js:2582:11)
      at node_modules/@test
ing-library/react/dist/act-
compat.js:47:25
      at renderRoot (node_m
odules/@testing-library/rea
ct/dist/pure.js:190:26)
      at render (node_modul
es/@testing-library/react/d
ist/pure.js:292:10)
      at 
Object.<anonymous> 
(src/App.test.js:5:9)

    console.error
      Error: Uncaught 
[TypeError: Cannot 
destructure property 
'token' of '(0 , 
_useAuth.useAuth)(...)' as 
it is undefined.]
          at 
reportException (C:\Users\j
osem\Documents\GitHub\proye
cto-clarotec\frontend\node_
modules\jsdom\lib\jsdom\liv
ing\helpers\runtime-script-
errors.js:66:24)
          at 
innerInvokeEventListeners (
C:\Users\josem\Documents\Gi
tHub\proyecto-clarotec\fron
tend\node_modules\jsdom\lib
\jsdom\living\events\EventT
arget-impl.js:341:9)
          at 
invokeEventListeners (C:\Us
ers\josem\Documents\GitHub\
proyecto-clarotec\frontend\
node_modules\jsdom\lib\jsdo
m\living\events\EventTarget
-impl.js:274:3)
          at HTMLUnknownEle
mentImpl._dispatch (C:\User
s\josem\Documents\GitHub\pr
oyecto-clarotec\frontend\no
de_modules\jsdom\lib\jsdom\
living\events\EventTarget-i
mpl.js:221:9)
          at HTMLUnknownEle
mentImpl.dispatchEvent (C:\
Users\josem\Documents\GitHu
b\proyecto-clarotec\fronten
d\node_modules\jsdom\lib\js
dom\living\events\EventTarg
et-impl.js:94:17)
          at HTMLUnknownEle
ment.dispatchEvent (C:\User
s\josem\Documents\GitHub\pr
oyecto-clarotec\frontend\no
de_modules\jsdom\lib\jsdom\
living\generated\EventTarge
t.js:231:34)
          at Object.invokeG
uardedCallbackDev (C:\Users
\josem\Documents\GitHub\pro
yecto-clarotec\frontend\nod
e_modules\react-dom\cjs\rea
ct-dom.development.js:4213:
16)
          at 
invokeGuardedCallback (C:\U
sers\josem\Documents\GitHub
\proyecto-clarotec\frontend
\node_modules\react-dom\cjs
\react-dom.development.js:4
277:31)
          at beginWork$1 (C
:\Users\josem\Documents\Git
Hub\proyecto-clarotec\front
end\node_modules\react-dom\
cjs\react-dom.development.j
s:27490:7)
          at 
performUnitOfWork (C:\Users
\josem\Documents\GitHub\pro
yecto-clarotec\frontend\nod
e_modules\react-dom\cjs\rea
ct-dom.development.js:26599
:12)
          at workLoopSync (
C:\Users\josem\Documents\Gi
tHub\proyecto-clarotec\fron
tend\node_modules\react-dom
\cjs\react-dom.development.
js:26505:5)
          at 
renderRootSync (C:\Users\jo
sem\Documents\GitHub\proyec
to-clarotec\frontend\node_m
odules\react-dom\cjs\react-
dom.development.js:26473:7)
          at 
recoverFromConcurrentError 
(C:\Users\josem\Documents\G
itHub\proyecto-clarotec\fro
ntend\node_modules\react-do
m\cjs\react-dom.development
.js:25889:20)
          at performConcurr
entWorkOnRoot (C:\Users\jos
em\Documents\GitHub\proyect
o-clarotec\frontend\node_mo
dules\react-dom\cjs\react-d
om.development.js:25789:22)
          at flushActQueue 
(C:\Users\josem\Documents\G
itHub\proyecto-clarotec\fro
ntend\node_modules\react\cj
s\react.development.js:2667
:24)
          at act (C:\Users\
josem\Documents\GitHub\proy
ecto-clarotec\frontend\node
_modules\react\cjs\react.de
velopment.js:2582:11)
          at C:\Users\josem
\Documents\GitHub\proyecto-
clarotec\frontend\node_modu
les\@testing-library\react\
dist\act-compat.js:47:25
          at renderRoot (C:
\Users\josem\Documents\GitH
ub\proyecto-clarotec\fronte
nd\node_modules\@testing-li
brary\react\dist\pure.js:19
0:26)
          at render (C:\Use
rs\josem\Documents\GitHub\p
royecto-clarotec\frontend\n
ode_modules\@testing-librar
y\react\dist\pure.js:292:10
)
          at 
Object.<anonymous> (C:\User
s\josem\Documents\GitHub\pr
oyecto-clarotec\frontend\sr
c\App.test.js:5:9)
          at 
Promise.then.completed (C:\
Users\josem\Documents\GitHu
b\proyecto-clarotec\fronten
d\node_modules\jest-circus\
build\utils.js:391:28)
          at new Promise 
(<anonymous>)
          at 
callAsyncCircusFn (C:\Users
\josem\Documents\GitHub\pro
yecto-clarotec\frontend\nod
e_modules\jest-circus\build
\utils.js:316:10)
          at 
_callCircusTest (C:\Users\j
osem\Documents\GitHub\proye
cto-clarotec\frontend\node_
modules\jest-circus\build\r
un.js:218:40)
          at 
processTicksAndRejections (
node:internal/process/task_
queues:105:5)
          at _runTest (C:\U
sers\josem\Documents\GitHub
\proyecto-clarotec\frontend
\node_modules\jest-circus\b
uild\run.js:155:3)
          at 
_runTestsForDescribeBlock (
C:\Users\josem\Documents\Gi
tHub\proyecto-clarotec\fron
tend\node_modules\jest-circ
us\build\run.js:66:9)
          at run (C:\Users\
josem\Documents\GitHub\proy
ecto-clarotec\frontend\node
_modules\jest-circus\build\
run.js:25:3)
          at runAndTransfor
mResultsToJestFormat (C:\Us
ers\josem\Documents\GitHub\
proyecto-clarotec\frontend\
node_modules\jest-circus\bu
ild\legacy-code-todo-rewrit
e\jestAdapterInit.js:170:21
)
          at jestAdapter (C
:\Users\josem\Documents\Git
Hub\proyecto-clarotec\front
end\node_modules\jest-circu
s\build\legacy-code-todo-re
write\jestAdapter.js:82:19)
          at 
runTestInternal (C:\Users\j
osem\Documents\GitHub\proye
cto-clarotec\frontend\node_
modules\jest-runner\build\r
unTest.js:389:16)
          at runTest (C:\Us
ers\josem\Documents\GitHub\
proyecto-clarotec\frontend\
node_modules\jest-runner\bu
ild\runTest.js:475:34)
          at Object.worker 
(C:\Users\josem\Documents\G
itHub\proyecto-clarotec\fro
ntend\node_modules\jest-run
ner\build\testWorker.js:133
:12) TypeError: Cannot 
destructure property 
'token' of '(0 , 
_useAuth.useAuth)(...)' as 
it is undefined.
          at App (C:\Users\
josem\Documents\GitHub\proy
ecto-clarotec\frontend\src\
App.jsx:90:13)
          at 
renderWithHooks (C:\Users\j
osem\Documents\GitHub\proye
cto-clarotec\frontend\node_
modules\react-dom\cjs\react
-dom.development.js:15486:1
8)
          at mountIndetermi
nateComponent (C:\Users\jos
em\Documents\GitHub\proyect
o-clarotec\frontend\node_mo
dules\react-dom\cjs\react-d
om.development.js:20103:13)
          at beginWork (C:\
Users\josem\Documents\GitHu
b\proyecto-clarotec\fronten
d\node_modules\react-dom\cj
s\react-dom.development.js:
21626:16)
          at HTMLUnknownEle
ment.callCallback (C:\Users
\josem\Documents\GitHub\pro
yecto-clarotec\frontend\nod
e_modules\react-dom\cjs\rea
ct-dom.development.js:4164:
14)
          at HTMLUnknownEle
ment.callTheUserObjectsOper
ation (C:\Users\josem\Docum
ents\GitHub\proyecto-clarot
ec\frontend\node_modules\js
dom\lib\jsdom\living\genera
ted\EventListener.js:26:30)
          at 
innerInvokeEventListeners (
C:\Users\josem\Documents\Gi
tHub\proyecto-clarotec\fron
tend\node_modules\jsdom\lib
\jsdom\living\events\EventT
arget-impl.js:338:25)
          at 
invokeEventListeners (C:\Us
ers\josem\Documents\GitHub\
proyecto-clarotec\frontend\
node_modules\jsdom\lib\jsdo
m\living\events\EventTarget
-impl.js:274:3)
          at HTMLUnknownEle
mentImpl._dispatch (C:\User
s\josem\Documents\GitHub\pr
oyecto-clarotec\frontend\no
de_modules\jsdom\lib\jsdom\
living\events\EventTarget-i
mpl.js:221:9)
          at HTMLUnknownEle
mentImpl.dispatchEvent (C:\
Users\josem\Documents\GitHu
b\proyecto-clarotec\fronten
d\node_modules\jsdom\lib\js
dom\living\events\EventTarg
et-impl.js:94:17)
          at HTMLUnknownEle
ment.dispatchEvent (C:\User
s\josem\Documents\GitHub\pr
oyecto-clarotec\frontend\no
de_modules\jsdom\lib\jsdom\
living\generated\EventTarge
t.js:231:34)
          at Object.invokeG
uardedCallbackDev (C:\Users
\josem\Documents\GitHub\pro
yecto-clarotec\frontend\nod
e_modules\react-dom\cjs\rea
ct-dom.development.js:4213:
16)
          at 
invokeGuardedCallback (C:\U
sers\josem\Documents\GitHub
\proyecto-clarotec\frontend
\node_modules\react-dom\cjs
\react-dom.development.js:4
277:31)
          at beginWork$1 (C
:\Users\josem\Documents\Git
Hub\proyecto-clarotec\front
end\node_modules\react-dom\
cjs\react-dom.development.j
s:27490:7)
          at 
performUnitOfWork (C:\Users
\josem\Documents\GitHub\pro
yecto-clarotec\frontend\nod
e_modules\react-dom\cjs\rea
ct-dom.development.js:26599
:12)
          at workLoopSync (
C:\Users\josem\Documents\Gi
tHub\proyecto-clarotec\fron
tend\node_modules\react-dom
\cjs\react-dom.development.
js:26505:5)
          at 
renderRootSync (C:\Users\jo
sem\Documents\GitHub\proyec
to-clarotec\frontend\node_m
odules\react-dom\cjs\react-
dom.development.js:26473:7)
          at 
recoverFromConcurrentError 
(C:\Users\josem\Documents\G
itHub\proyecto-clarotec\fro
ntend\node_modules\react-do
m\cjs\react-dom.development
.js:25889:20)
          at performConcurr
entWorkOnRoot (C:\Users\jos
em\Documents\GitHub\proyect
o-clarotec\frontend\node_mo
dules\react-dom\cjs\react-d
om.development.js:25789:22)
          at flushActQueue 
(C:\Users\josem\Documents\G
itHub\proyecto-clarotec\fro
ntend\node_modules\react\cj
s\react.development.js:2667
:24)
          at act (C:\Users\
josem\Documents\GitHub\proy
ecto-clarotec\frontend\node
_modules\react\cjs\react.de
velopment.js:2582:11)
          at C:\Users\josem
\Documents\GitHub\proyecto-
clarotec\frontend\node_modu
les\@testing-library\react\
dist\act-compat.js:47:25
          at renderRoot (C:
\Users\josem\Documents\GitH
ub\proyecto-clarotec\fronte
nd\node_modules\@testing-li
brary\react\dist\pure.js:19
0:26)
          at render (C:\Use
rs\josem\Documents\GitHub\p
royecto-clarotec\frontend\n
ode_modules\@testing-librar
y\react\dist\pure.js:292:10
)
          at 
Object.<anonymous> (C:\User
s\josem\Documents\GitHub\pr
oyecto-clarotec\frontend\sr
c\App.test.js:5:9)
          at 
Promise.then.completed (C:\
Users\josem\Documents\GitHu
b\proyecto-clarotec\fronten
d\node_modules\jest-circus\
build\utils.js:391:28)
          at new Promise 
(<anonymous>)
          at 
callAsyncCircusFn (C:\Users
\josem\Documents\GitHub\pro
yecto-clarotec\frontend\nod
e_modules\jest-circus\build
\utils.js:316:10)
          at 
_callCircusTest (C:\Users\j
osem\Documents\GitHub\proye
cto-clarotec\frontend\node_
modules\jest-circus\build\r
un.js:218:40)
          at 
processTicksAndRejections (
node:internal/process/task_
queues:105:5)
          at _runTest (C:\U
sers\josem\Documents\GitHub
\proyecto-clarotec\frontend
\node_modules\jest-circus\b
uild\run.js:155:3)
          at 
_runTestsForDescribeBlock (
C:\Users\josem\Documents\Gi
tHub\proyecto-clarotec\fron
tend\node_modules\jest-circ
us\build\run.js:66:9)
          at run (C:\Users\
josem\Documents\GitHub\proy
ecto-clarotec\frontend\node
_modules\jest-circus\build\
run.js:25:3)
          at runAndTransfor
mResultsToJestFormat (C:\Us
ers\josem\Documents\GitHub\
proyecto-clarotec\frontend\
node_modules\jest-circus\bu
ild\legacy-code-todo-rewrit
e\jestAdapterInit.js:170:21
)
          at jestAdapter (C
:\Users\josem\Documents\Git
Hub\proyecto-clarotec\front
end\node_modules\jest-circu
s\build\legacy-code-todo-re
write\jestAdapter.js:82:19)
          at 
runTestInternal (C:\Users\j
osem\Documents\GitHub\proye
cto-clarotec\frontend\node_
modules\jest-runner\build\r
unTest.js:389:16)
          at runTest (C:\Us
ers\josem\Documents\GitHub\
proyecto-clarotec\frontend\
node_modules\jest-runner\bu
ild\runTest.js:475:34)
          at Object.worker 
(C:\Users\josem\Documents\G
itHub\proyecto-clarotec\fro
ntend\node_modules\jest-run
ner\build\testWorker.js:133
:12)

    [0m [90m 3 |[39m
     [90m 4 |[39m 
test([32m'renders learn 
react 
link'[39m[33m,[39m () 
[33m=>[39m {
    
[31m[1m>[22m[39m[90m 
5 |[39m   render([33m<[3
9m[33mApp[39m [33m/[39m
[33m>[39m)[33m;[39m
     [90m   |[39m        
 [31m[1m^[22m[39m
     [90m 6 |[39m   
[36mconst[39m 
linkElement [33m=[39m scr
een[33m.[39mgetByText([3
5m/learn 
react/i[39m)[33m;[39m
     [90m 7 |[39m   expec
t(linkElement)[33m.[39mto
BeInTheDocument()[33m;[39
m
     [90m 8 |[39m 
})[33m;[39m[0m

      at 
VirtualConsole.<anonymous> 
(node_modules/jsdom/lib/jsd
om/virtual-console.js:29:45
)
      at reportException (n
ode_modules/jsdom/lib/jsdom
/living/helpers/runtime-scr
ipt-errors.js:70:28)
      at 
innerInvokeEventListeners (
node_modules/jsdom/lib/jsdo
m/living/events/EventTarget
-impl.js:341:9)
      at 
invokeEventListeners (node_
modules/jsdom/lib/jsdom/liv
ing/events/EventTarget-impl
.js:274:3)
      at HTMLUnknownElement
Impl._dispatch (node_module
s/jsdom/lib/jsdom/living/ev
ents/EventTarget-impl.js:22
1:9)
      at HTMLUnknownElement
Impl.dispatchEvent (node_mo
dules/jsdom/lib/jsdom/livin
g/events/EventTarget-impl.j
s:94:17)
      at HTMLUnknownElement
.dispatchEvent (node_module
s/jsdom/lib/jsdom/living/ge
nerated/EventTarget.js:231:
34)
      at Object.invokeGuard
edCallbackDev (node_modules
/react-dom/cjs/react-dom.de
velopment.js:4213:16)
      at 
invokeGuardedCallback (node
_modules/react-dom/cjs/reac
t-dom.development.js:4277:3
1)
      at beginWork$1 (node_
modules/react-dom/cjs/react
-dom.development.js:27490:7
)
      at performUnitOfWork 
(node_modules/react-dom/cjs
/react-dom.development.js:2
6599:12)
      at workLoopSync (node
_modules/react-dom/cjs/reac
t-dom.development.js:26505:
5)
      at renderRootSync (no
de_modules/react-dom/cjs/re
act-dom.development.js:2647
3:7)
      at 
recoverFromConcurrentError 
(node_modules/react-dom/cjs
/react-dom.development.js:2
5889:20)
      at performConcurrentW
orkOnRoot (node_modules/rea
ct-dom/cjs/react-dom.develo
pment.js:25789:22)
      at flushActQueue (nod
e_modules/react/cjs/react.d
evelopment.js:2667:24)
      at act (node_modules/
react/cjs/react.development
.js:2582:11)
      at node_modules/@test
ing-library/react/dist/act-
compat.js:47:25
      at renderRoot (node_m
odules/@testing-library/rea
ct/dist/pure.js:190:26)
      at render (node_modul
es/@testing-library/react/d
ist/pure.js:292:10)
      at 
Object.<anonymous> 
(src/App.test.js:5:9)

    console.error
      The above error 
occurred in the <App> 
component:
      
          at App (C:\Users\
josem\Documents\GitHub\proy
ecto-clarotec\frontend\src\
App.jsx:90:30)
      
      Consider adding an 
error boundary to your 
tree to customize error 
handling behavior.
      Visit https://reactjs
.org/link/error-boundaries 
to learn more about error 
boundaries.

    [0m [90m 3 |[39m
     [90m 4 |[39m 
test([32m'renders learn 
react 
link'[39m[33m,[39m () 
[33m=>[39m {
    
[31m[1m>[22m[39m[90m 
5 |[39m   render([33m<[3
9m[33mApp[39m [33m/[39m
[33m>[39m)[33m;[39m
     [90m   |[39m        
 [31m[1m^[22m[39m
     [90m 6 |[39m   
[36mconst[39m 
linkElement [33m=[39m scr
een[33m.[39mgetByText([3
5m/learn 
react/i[39m)[33m;[39m
     [90m 7 |[39m   expec
t(linkElement)[33m.[39mto
BeInTheDocument()[33m;[39
m
     [90m 8 |[39m 
})[33m;[39m[0m

      at logCapturedError (
node_modules/react-dom/cjs/
react-dom.development.js:18
704:23)
      at update.callback (n
ode_modules/react-dom/cjs/r
eact-dom.development.js:187
37:5)
      at callCallback (node
_modules/react-dom/cjs/reac
t-dom.development.js:15036:
12)
      at commitUpdateQueue 
(node_modules/react-dom/cjs
/react-dom.development.js:1
5057:9)
      at 
commitLayoutEffectOnFiber (
node_modules/react-dom/cjs/
react-dom.development.js:23
430:13)
      at commitLayoutMountE
ffects_complete (node_modul
es/react-dom/cjs/react-dom.
development.js:24727:9)
      at 
commitLayoutEffects_begin (
node_modules/react-dom/cjs/
react-dom.development.js:24
713:7)
      at 
commitLayoutEffects (node_m
odules/react-dom/cjs/react-
dom.development.js:24651:3)
      at commitRootImpl (no
de_modules/react-dom/cjs/re
act-dom.development.js:2686
2:5)
      at commitRoot (node_m
odules/react-dom/cjs/react-
dom.development.js:26721:5)
      at 
finishConcurrentRender (nod
e_modules/react-dom/cjs/rea
ct-dom.development.js:25931
:9)
      at performConcurrentW
orkOnRoot (node_modules/rea
ct-dom/cjs/react-dom.develo
pment.js:25848:7)
      at flushActQueue (nod
e_modules/react/cjs/react.d
evelopment.js:2667:24)
      at act (node_modules/
react/cjs/react.development
.js:2582:11)
      at node_modules/@test
ing-library/react/dist/act-
compat.js:47:25
      at renderRoot (node_m
odules/@testing-library/rea
ct/dist/pure.js:190:26)
      at render (node_modul
es/@testing-library/react/d
ist/pure.js:292:10)
      at 
Object.<anonymous> 
(src/App.test.js:5:9)

  ΓùÅ renders learn react 
link

    TypeError: Cannot 
destructure property 
'token' of '(0 , 
_useAuth.useAuth)(...)' as 
it is undefined.

    [0m [90m 88 |[39m
     [90m 89 |[39m 
[36mfunction[39m 
[33mApp[39m() {
    
[31m[1m>[22m[39m[90m 
90 |[39m     
[36mconst[39m { token } 
[33m=[39m 
useAuth()[33m;[39m
     [90m    |[39m       
      [31m[1m^[22m[39m
     [90m 91 |[39m
     [90m 92 |[39m     
[36mreturn[39m (
     [90m 93 |[39m       
  [33m<[39m[33mCartProvi
der[39m[33m>[39m[0m

      at App 
(src/App.jsx:90:13)
      at renderWithHooks (n
ode_modules/react-dom/cjs/r
eact-dom.development.js:154
86:18)
      at mountIndeterminate
Component (node_modules/rea
ct-dom/cjs/react-dom.develo
pment.js:20103:13)
      at beginWork (node_mo
dules/react-dom/cjs/react-d
om.development.js:21626:16)
      at beginWork$1 (node_
modules/react-dom/cjs/react
-dom.development.js:27465:1
4)
      at performUnitOfWork 
(node_modules/react-dom/cjs
/react-dom.development.js:2
6599:12)
      at workLoopSync (node
_modules/react-dom/cjs/reac
t-dom.development.js:26505:
5)
      at renderRootSync (no
de_modules/react-dom/cjs/re
act-dom.development.js:2647
3:7)
      at 
recoverFromConcurrentError 
(node_modules/react-dom/cjs
/react-dom.development.js:2
5889:20)
      at performConcurrentW
orkOnRoot (node_modules/rea
ct-dom/cjs/react-dom.develo
pment.js:25789:22)
      at flushActQueue (nod
e_modules/react/cjs/react.d
evelopment.js:2667:24)
      at act (node_modules/
react/cjs/react.development
.js:2582:11)
      at node_modules/@test
ing-library/react/dist/act-
compat.js:47:25
      at renderRoot (node_m
odules/@testing-library/rea
ct/dist/pure.js:190:26)
      at render (node_modul
es/@testing-library/react/d
ist/pure.js:292:10)
      at 
Object.<anonymous> 
(src/App.test.js:5:9)

Test Suites: 2 failed, 2 
total
Tests:       3 failed, 3 
total
Snapshots:   0 total
Time:        3.439 s, 
estimated 4 s
Ran all test suites.
