
> frontend@0.1.0 test
> react-scripts test --watchAll=false

node.exe : FAIL 
src/App.test.js
En línea: 1 Carácter: 1
+ & "C:\Program 
Files\nodejs/node.exe" 
"C:\Program 
Files\nodejs/node_mo ...
+ ~~~~~~~~~~~~~~~~~~~~~~~
~~~~~~~~~~~~~~~~~~~~~~~~~
~~~~~~~~~~~~~~~~~~~~~
    + CategoryInfo       
       : NotSpecified:   
  (FAIL src/App.test.j   
 s:String) [], Remote    
Exception
    + FullyQualifiedErro 
   rId : NativeCommandE  
  rror
 
  ΓùÅ Test suite failed 
to run

    Cannot find module 
'react-router-dom' from 
'src/App.jsx'

    Require stack:
      src/App.jsx
      src/App.test.js

    [0m [90m 2 |[39m
     [90m 3 |[39m 
[36mimport[39m 
[33mReact[39m 
[36mfrom[39m [32m'reac
t'[39m[33m;[39m
    [31m[1m>[22m[39m
[90m 4 |[39m 
[36mimport[39m { 
[33mBrowserRouter[39m 
[36mas[39m [33mRouter
[39m[33m,[39m [33mRout
es[39m[33m,[39m [33mR
oute[39m[33m,[39m [33
mLink[39m[33m,[39m [3
3mNavigate[39m[33m,[39
m useNavigate } 
[36mfrom[39m [32m'reac
t-router-dom'[39m[33m;
[39m
     [90m   |[39m 
[31m[1m^[22m[39m
     [90m 5 |[39m 
[36mimport[39m { 
useAuth } [36mfrom[39m 
[32m'./hooks/useAuth'[3
9m[33m;[39m
     [90m 6 |[39m
     [90m 7 |[39m 
[36mimport[39m [32m'./
App.css'[39m[33m;[39m
[0m

      at 
Resolver.resolveModule (n
ode_modules/jest-resolve/
build/resolver.js:324:11)
      at 
Object.<anonymous> 
(src/App.jsx:4:1)
      at 
Object.<anonymous> 
(src/App.test.js:2:1)

FAIL src/components/Login
.test.js
  ΓùÅ Test suite failed 
to run

    Cannot find module 
'./Login' from 'src/compo
nents/Login.test.js'

    However, Jest was 
able to find:
    	'./Login.test.js'

    You might want to 
include a file extension 
in your import, or 
update your 
'moduleFileExtensions', 
which is currently 
['web.js', 'js', 
'web.ts', 'ts', 
'web.tsx', 'tsx', 
'json', 'web.jsx', 
'jsx', 'node'].

    See https://jestjs.io
/docs/configuration#modul
efileextensions-arraystri
ng

    [0m [90m 1 |[39m 
[36mimport[39m { 
render[33m,[39m 
screen[33m,[39m 
fireEvent } 
[36mfrom[39m [32m'@tes
ting-library/react'[39m
[33m;[39m
    [31m[1m>[22m[39m
[90m 2 |[39m 
[36mimport[39m 
[33mLogin[39m 
[36mfrom[39m [32m'./Lo
gin'[39m[33m;[39m
     [90m   |[39m 
[31m[1m^[22m[39m
     [90m 3 |[39m 
[36mimport[39m { 
[33mBrowserRouter[39m 
} [36mfrom[39m [32m're
act-router-dom'[39m[33m
;[39m
     [90m 4 |[39m 
[36mimport[39m { 
[33mAuthProvider[39m } 
[36mfrom[39m [32m'../h
ooks/useAuth'[39m[33m;
[39m
     [90m 5 |[39m[0m

      at 
Resolver.resolveModule (n
ode_modules/jest-resolve/
build/resolver.js:324:11)
      at 
Object.<anonymous> (src/c
omponents/Login.test.js:2
:1)

Test Suites: 2 failed, 2 
total
Tests:       0 total
Snapshots:   0 total
Time:        2.592 s
Ran all test suites.
