============================= test session starts =============================
platform win32 -- Python 3.12.0, pytest-9.0.1, pluggy-1.6.0
django: version: 4.2.7, settings: clarotec_api.settings (from ini)
rootdir: C:\Users\josem\Documents\GitHub\proyecto-clarotec\backend
configfile: pytest.ini
plugins: cov-7.0.0, django-4.11.1
collected 4 items

gestion\tests\test_models.py ..                                          [ 50%]
gestion\tests\test_views.py ..                                           [100%]

=============================== tests coverage ================================
_______________ coverage: platform win32, python 3.12.0-final-0 _______________

Coverage HTML written to dir htmlcov
============================= 4 passed in 12.05s ==============================
